gcc -g p1original.c
îº§ gdb a.out
GNU gdb (Ubuntu 8.1.1-0ubuntu1) 8.1.1
Copyright (C) 2018 Free Software Foundation, Inc.
License GPLv3+: GNU GPL version 3 or later <http://gnu.org/licenses/gpl.html>
This is free software: you are free to change and redistribute it.
There is NO WARRANTY, to the extent permitted by law.  Type "show copying"
and "show warranty" for details.
This GDB was configured as "x86_64-linux-gnu".
Type "show configuration" for configuration details.
For bug reporting instructions, please see:
<http://www.gnu.org/software/gdb/bugs/>.
Find the GDB manual and other documentation resources online at:
<http://www.gnu.org/software/gdb/documentation/>.
For help, type "help".
Type "apropos word" to search for commands related to "word"...
Reading symbols from a.out...done.
(gdb) b main
Breakpoint 1 at 0x7f0: file p1original.c, line 15.
(gdb) r
Starting program: /home/runner/pps-IA1-practice/a.out 
warning: Error disabling address space randomization: Operation not permitted

Breakpoint 1, main () at p1original.c:15
15  {
(gdb) n
17    printf("enter any two numbers\n");
(gdb) n
enter any two numbers
18    input(&a,&b);
(gdb) s
input (a=0x7ffd1adb34dc, b=0x7ffd1adb34e0) at p1original.c:4
4     scanf("%d %d",a,b);
(gdb) n
2
3
5   }
(gdb) n
main () at p1original.c:19
19    add(a,b,&sum);
(gdb) p a
$1 = 2
(gdb) p b
$2 = 3
(gdb) s
add (a=2, b=3, sum=0x7ffd1adb34e4) at p1original.c:8
8     *sum=a+b;
(gdb) n
9   }
(gdb) n
main () at p1original.c:20
20    output(a,b,sum);
(gdb) p sum
$3 = 5
(gdb) s
output (a=2, b=3, sum=5) at p1original.c:12
12    printf("the sum of %d and %d is %d",a,b,sum);
(gdb) n
13  }
(gdb) n
main () at p1original.c:21
21    return 0;
(gdb) n
22  }(gdb) n
__libc_start_main (main=0x5607c24007e8 <main>, argc=1, argv=0x7ffd1adb35d8, 
    init=<optimized out>, fini=<optimized out>, rtld_fini=<optimized out>, 
    stack_end=0x7ffd1adb35c8) at ../csu/libc-start.c:344
344 ../csu/libc-start.c: No such file or directory.
(gdb) n
the sum of 2 and 3 is 5[Inferior 1 (process 178) exited normally]
(gdb) n
The program is not being run.
(gdb) q